// Jest Snapshot v1, https://goo.gl/fbAQLP

exports[`<Search /> should render the heading 1`] = `
.c0 input {
  background-color: #f4f5f5;
  border: none;
  padding: 1.5rem;
  border-radius: 0.8rem;
  width: 100%;
}

<main
  class="c0"
>
  <input
    placeholder="Search for pokemons"
    type="text"
  />
</main>
`
