// Jest Snapshot v1, https://goo.gl/fbAQLP

exports[`<Main /> should render the heading 1`] = `
.c5 input {
  background-color: #f4f5f5;
  border: none;
  padding: 1.5rem;
  border-radius: 0.8rem;
  width: 100%;
}

.c0 {
  background-color: #fff;
  color: #000;
  padding: 3rem;
  text-align: left;
  max-width: 1200px;
  margin: 0 auto;
}

.c3 {
  font-size: 2.5rem;
}

.c4 {
  font-size: 2rem;
  font-weight: normal;
  margin-bottom: 1rem;
}

.c1 {
  display: -webkit-box;
  display: -webkit-flex;
  display: -ms-flexbox;
  display: flex;
}

.c2 {
  -webkit-box-flex: 1;
  -webkit-flex-grow: 1;
  -ms-flex-positive: 1;
  flex-grow: 1;
}

.c6 {
  -webkit-box-flex: 1;
  -webkit-flex-grow: 1;
  -ms-flex-positive: 1;
  flex-grow: 1;
}

.c7 {
  font-size: 2rem;
  font-weight: bold;
  margin-bottom: 1rem;
}

<main
  class="c0"
>
  <div
    class="c1"
  >
    <div
      class="c2"
    >
      <h1
        class="c3"
      >
        Pokedex
      </h1>
      <h2
        class="c4"
      >
        Search for pokemons and add into your hand
      </h2>
      <main
        class="c5"
      >
        <input
          placeholder="Search for pokemons"
          type="text"
        />
      </main>
    </div>
    <div
      class="c6"
    >
      <h3
        class="c7"
      >
        Your hand
      </h3>
    </div>
  </div>
</main>
`
